Please type number of input: Max value: 9992.5
Min value: -9956.5
