Please type number of input: Max value: 9971.1
Min value: -9880.5
