Please type number of input: Max value: 9966.8
Min value: -9985.9
