Please type number of input: Max value: 9888.6
Min value: -9848.8
