Please type number of input: Max value: 9991.3
Min value: -9990.3
