Please type number of input: Max value: 9717.2
Min value: -9900.9
