Please type number of input: Max value: 9993.8
Min value: -9992.7
