Please type number of input: Max value: 9931.8
Min value: -9991.8
