Please type number of input: Max value: 9995.2
Min value: -9999.2
