Please type number of input: Max value: 9922.3
Min value: -9957.4
