Input vertex 0: Input vertex 1: Input vertex 2: The center of the circle is: -993.9 2908.5
The maximum distance between center and vertices: 13729.05
The minimum distance between center and vertices: 5667.14
