Input vertex 0: Input vertex 1: Input vertex 2: The center of the circle is: 2440.9 -1559.3
The maximum distance between center and vertices: 7189.83
The minimum distance between center and vertices: 3576.82
