Input vertex 0: Input vertex 1: Input vertex 2: The center of the circle is: -3252.4 -726.8
The maximum distance between center and vertices: 8950.47
The minimum distance between center and vertices: 7154.38
