Input vertex 0: Input vertex 1: Input vertex 2: The center of the circle is: 571.8 588.3
The maximum distance between center and vertices: 10032.10
The minimum distance between center and vertices: 4320.00
