Input vertex 0: Input vertex 1: Input vertex 2: The center of the circle is: 2446.3 -2069.6
The maximum distance between center and vertices: 13425.82
The minimum distance between center and vertices: 4864.51
