Input vertex 0: Input vertex 1: Input vertex 2: The center of the circle is: -1755.3 -1779.1
The maximum distance between center and vertices: 10410.40
The minimum distance between center and vertices: 4275.54
