Input vertex 0: Input vertex 1: Input vertex 2: The center of the circle is: 2096.7 -4758.4
The maximum distance between center and vertices: 8502.38
The minimum distance between center and vertices: 4827.01
