Input vertex 0: Input vertex 1: Input vertex 2: The center of the circle is: -6484.9 -23.0
The maximum distance between center and vertices: 8452.88
The minimum distance between center and vertices: 2814.45
