Input vertex 0: Input vertex 1: Input vertex 2: The center of the circle is: 5335.1 -523.3
The maximum distance between center and vertices: 6808.26
The minimum distance between center and vertices: 4761.35
