Input vertex 0: Input vertex 1: Input vertex 2: The center of the circle is: -5654.6 -1708.4
The maximum distance between center and vertices: 10249.12
The minimum distance between center and vertices: 2461.51
