/--------------------------------\
| Kotori | 1.7   | foo   | 44    |
|--------|-------|-------|-------|
| Umi    | 20    | aa    | 43    |
|--------|-------|-------|-------|
| Honoka | 43253 | 65789 | 87912 |
\--------------------------------/
