/-------------\
| abc | 12345 |
|-----|-------|
| cba | 54321 |
\-------------/
