Please input the set A:
(resize) from 5 to 10
(resize) from 10 to 20
(resize) from 20 to 40
Please input the set B:
(resize) from 5 to 10
---Result---
12 5 5 17 8 10 6 6