Please input the set A:
(resize) from 5 to 10
(resize) from 10 to 20
(resize) from 20 to 40
(resize) from 40 to 80
(resize) from 80 to 160
(resize) from 160 to 320
Please input the set B:
(resize) from 5 to 10
(resize) from 10 to 20
(resize) from 20 to 40
(resize) from 40 to 80
---Result---
39 19 15 14 15 5 12 29 7 35 15 7 29 20 13 21 24 14 19 14 29 10 9 20 40 9 13 6 31 7 24 24 17 32 16 18 20 29 19 14 17